This is pdfTeX, Version 3.141592653-2.6-1.40.29 (MiKTeX 26.5) (preloaded format=pdflatex 2026.7.27)  7 OCT 2026 21:25
entering extended mode
 restricted \write18 enabled.
 %&-line parsing enabled.
**./Articulo/sn-articleOK.tex
(Articulo/sn-articleOK.tex
LaTeX2e <2026-06-01>
L3 programming layer <2026-06-18>
(llncs.cls
Document Class: llncs 2022/09/05 v2.22 
 LaTeX document class for Lecture Notes in Computer Science
(C:\Users\garci\AppData\Local\Programs\MiKTeX\tex/latex/base\article.cls
Document Class: article 2025/01/22 v1.4n Standard LaTeX document class
(C:\Users\garci\AppData\Local\Programs\MiKTeX\tex/latex/base\size10.clo
File: size10.clo 2025/01/22 v1.4n Standard LaTeX file (size option)
)
\c@part=\count276
\c@section=\count277
\c@subsection=\count278
\c@subsubsection=\count279
\c@paragraph=\count280
\c@subparagraph=\count281
\c@figure=\count282
\c@table=\count283
\abovecaptionskip=\skip49
\belowcaptionskip=\skip50
\bibindent=\dimen150
)
(C:\Users\garci\AppData\Local\Programs\MiKTeX\tex/latex/tools\multicol.sty
Package: multicol 2025/10/21 v2.0b multicolumn formatting (FMi)
\c@tracingmulticols=\count284
\mult@box=\box53
\multicol@leftmargin=\dimen151
\c@unbalance=\count285
\c@collectmore=\count286
\doublecol@number=\count287
\multicoltolerance=\count288
\multicolpretolerance=\count289
\full@width=\dimen152
\page@free=\dimen153
\premulticols=\dimen154
\postmulticols=\dimen155
\multicolsep=\skip51
\multicolbaselineskip=\skip52
\partial@page=\box54
\last@line=\box55
\mc@boxedresult=\box56
\maxbalancingoverflow=\dimen156
\mult@rightbox=\box57
\mult@grightbox=\box58
\mult@firstbox=\box59
\mult@gfirstbox=\box60
\@tempa=\box61
\@tempa=\box62
\@tempa=\box63
\@tempa=\box64
\@tempa=\box65
\@tempa=\box66
\@tempa=\box67
\@tempa=\box68
\@tempa=\box69
\@tempa=\box70
\@tempa=\box71
\@tempa=\box72
\@tempa=\box73
\@tempa=\box74
\@tempa=\box75
\@tempa=\box76
\@tempa=\box77
\@tempa=\box78
\@tempa=\box79
\@tempa=\box80
\@tempa=\box81
\@tempa=\box82
\@tempa=\box83
\@tempa=\box84
\@tempa=\box85
\@tempa=\box86
\@tempa=\box87
\@tempa=\box88
\@tempa=\box89
\@tempa=\box90
\@tempa=\box91
\@tempa=\box92
\@tempa=\box93
\@tempa=\box94
\@tempa=\box95
\@tempa=\box96
\c@minrows=\count290
\c@columnbadness=\count291
\c@finalcolumnbadness=\count292
\last@try=\dimen157
\multicolovershoot=\dimen158
\multicolundershoot=\dimen159
\mult@nat@firstbox=\box97
\colbreak@box=\box98
\mc@col@check@num=\count293
\g__mc_curr_col_int=\count294
)
(C:\Users\garci\AppData\Local\Programs\MiKTeX\tex/latex/aliascnt\aliascnt.sty
Package: aliascnt 2026-03-08 v1.7 Alias counters (HO)


Package aliascnt Warning: The package is obsolete. Check the documentation. on 
input line 62.

)
\c@chapter=\count295
LaTeX Font Info:    Redeclaring math symbol \Gamma on input line 362.
LaTeX Font Info:    Redeclaring math symbol \Delta on input line 363.
LaTeX Font Info:    Redeclaring math symbol \Theta on input line 364.
LaTeX Font Info:    Redeclaring math symbol \Lambda on input line 365.
LaTeX Font Info:    Redeclaring math symbol \Xi on input line 366.
LaTeX Font Info:    Redeclaring math symbol \Pi on input line 367.
LaTeX Font Info:    Redeclaring math symbol \Sigma on input line 368.
LaTeX Font Info:    Redeclaring math symbol \Upsilon on input line 369.
LaTeX Font Info:    Redeclaring math symbol \Phi on input line 370.
LaTeX Font Info:    Redeclaring math symbol \Psi on input line 371.
LaTeX Font Info:    Redeclaring math symbol \Omega on input line 372.
LaTeX Info: Redefining \vec on input line 377.
\tocchpnum=\dimen160
\tocsecnum=\dimen161
\tocsectotal=\dimen162
\tocsubsecnum=\dimen163
\tocsubsectotal=\dimen164
\tocsubsubsecnum=\dimen165
\tocsubsubsectotal=\dimen166
\tocparanum=\dimen167
\tocparatotal=\dimen168
\tocsubparanum=\dimen169
\@tempcntc=\count296
\fnindent=\dimen170
\c@@inst=\count297
\c@@auth=\count298
\c@auco=\count299
\instindent=\dimen171
\authrun=\box99
\authorrunning=\toks17
\tocauthor=\toks18
\titrun=\box100
\titlerunning=\toks19
\toctitle=\toks20
\c@theorem=\count300
\c@case=\count301
\c@conjecture=\count302
\c@corollary=\count303
\c@definition=\count304
\c@example=\count305
\c@exercise=\count306
\c@lemma=\count307
\c@note=\count308
\c@problem=\count309
\c@property=\count310
\c@proposition=\count311
\c@question=\count312
\c@solution=\count313
\c@remark=\count314
\headlineindent=\dimen172
) (C:\Users\garci\AppData\Local\Programs\MiKTeX\tex/latex/base\fontenc.sty
Package: fontenc 2025/07/18 v2.1d Standard LaTeX package
)
(C:\Users\garci\AppData\Local\Programs\MiKTeX\tex/latex/tools\tabularx.sty
Package: tabularx 2023/12/11 v2.12a `tabularx' package (DPC)

(C:\Users\garci\AppData\Local\Programs\MiKTeX\tex/latex/tools\array.sty
Package: array 2026/02/24 v2.7b Tabular extension package (FMi)
\col@sep=\dimen173
\ar@mcellbox=\box101
\extrarowheight=\dimen174
\NC@list=\toks21
\extratabsurround=\skip53
\backup@length=\skip54
\ar@cellbox=\box102
)
\TX@col@width=\dimen175
\TX@old@table=\dimen176
\TX@old@col=\dimen177
\TX@target=\dimen178
\TX@delta=\dimen179
\TX@cols=\count315
\TX@ftn=\toks22
)
(C:\Users\garci\AppData\Local\Programs\MiKTeX\tex/latex/booktabs\booktabs.sty
Package: booktabs 2020/01/12 v1.61803398 Publication quality tables
\heavyrulewidth=\dimen180
\lightrulewidth=\dimen181
\cmidrulewidth=\dimen182
\belowrulesep=\dimen183
\belowbottomsep=\dimen184
\aboverulesep=\dimen185
\abovetopsep=\dimen186
\cmidrulesep=\dimen187
\cmidrulekern=\dimen188
\defaultaddspace=\dimen189
\@cmidla=\count316
\@cmidlb=\count317
\@aboverulesep=\dimen190
\@belowrulesep=\dimen191
\@thisruleclass=\count318
\@lastruleclass=\count319
\@thisrulewidth=\dimen192
)
(C:\Users\garci\AppData\Local\Programs\MiKTeX\tex/latex/multirow\multirow.sty
Package: multirow 2024/11/12 v2.9 Span multiple rows of a table
\multirow@colwidth=\skip55
\multirow@cntb=\count320
\multirow@dima=\skip56
\bigstrutjot=\dimen193
)
(C:\Users\garci\AppData\Local\Programs\MiKTeX\tex/latex/xcolor\xcolor.sty
Package: xcolor 2024/09/29 v3.02 LaTeX color extensions (UK)

(C:\Users\garci\AppData\Local\Programs\MiKTeX\tex/latex/graphics-cfg\color.cfg
File: color.cfg 2016/01/02 v1.6 sample color configuration
)
Package xcolor Info: Driver file: pdftex.def on input line 274.

(C:\Users\garci\AppData\Local\Programs\MiKTeX\tex/latex/graphics-def\pdftex.def
File: pdftex.def 2025/09/29 v1.2d Graphics/color driver for pdftex
)
(C:\Users\garci\AppData\Local\Programs\MiKTeX\tex/latex/graphics\mathcolor.ltx)
Package xcolor Info: Model `cmy' substituted by `cmy0' on input line 1349.
Package xcolor Info: Model `hsb' substituted by `rgb' on input line 1353.
Package xcolor Info: Model `RGB' extended on input line 1365.
Package xcolor Info: Model `HTML' substituted by `rgb' on input line 1367.
Package xcolor Info: Model `Hsb' substituted by `hsb' on input line 1368.
Package xcolor Info: Model `tHsb' substituted by `hsb' on input line 1369.
Package xcolor Info: Model `HSB' substituted by `hsb' on input line 1370.
Package xcolor Info: Model `Gray' substituted by `gray' on input line 1371.
Package xcolor Info: Model `wave' substituted by `hsb' on input line 1372.
) (C:\Users\garci\AppData\Local\Programs\MiKTeX\tex/latex/graphics\graphicx.sty
Package: graphicx 2026-05-17 v1.2e Enhanced LaTeX Graphics (DPC,SPQR)
(C:\Users\garci\AppData\Local\Programs\MiKTeX\tex/latex/graphics\keyval.sty
Package: keyval 2026-05-17 v1.15 key=value parser (DPC)
\KV@toks@=\toks23
)
(C:\Users\garci\AppData\Local\Programs\MiKTeX\tex/latex/graphics\graphics.sty
Package: graphics 2026-05-17 v1.4h Standard LaTeX Graphics (DPC,SPQR)

(C:\Users\garci\AppData\Local\Programs\MiKTeX\tex/latex/graphics\trig.sty
Package: trig 2023/12/02 v1.11 sin cos tan (DPC)
)
(C:\Users\garci\AppData\Local\Programs\MiKTeX\tex/latex/graphics-cfg\graphics.c
fg
File: graphics.cfg 2016/06/04 v1.11 sample graphics configuration
)
Package graphics Info: Driver file: pdftex.def on input line 106.
)
\Gin@req@height=\dimen194
\Gin@req@width=\dimen195
)
(C:\Users\garci\AppData\Local\Programs\MiKTeX\tex/latex/comment\comment.sty
\CommentStream=\write3

Excluding comment 'comment')
(C:\Users\garci\AppData\Local\Programs\MiKTeX\tex/latex/tabularray\tabularray.s
ty
Package: tabularray 2025-11-27 v2025C Typeset tabulars and arrays with LaTeX3

(C:\Users\garci\AppData\Local\Programs\MiKTeX\tex/latex/ninecolors\ninecolors.s
ty
Package: ninecolors 2022-02-13 v2022D Select colors with proper color contrast

(C:\Users\garci\AppData\Local\Programs\MiKTeX\tex/latex/l3packages/xparse\xpars
e.sty
(C:\Users\garci\AppData\Local\Programs\MiKTeX\tex/latex/l3kernel\expl3.sty
Package: expl3 2026-06-18 L3 programming layer (loader) 

(C:\Users\garci\AppData\Local\Programs\MiKTeX\tex/latex/l3backend\l3backend-pdf
tex.def
File: l3backend-pdftex.def 2026-02-18 L3 backend support: PDF output (pdfTeX)
\l__color_backend_stack_int=\count321
))
Package: xparse 2025-10-09 L3 Experimental document command parser
))
\g__tblr_nohyper_int=\count322
\l__tblr_a_int=\count323
\l__tblr_c_int=\count324
\l__tblr_r_int=\count325
\l__tblr_d_dim=\dimen196
\l__tblr_h_dim=\dimen197
\l__tblr_o_dim=\dimen198
\l__tblr_p_dim=\dimen199
\l__tblr_q_dim=\dimen256
\l__tblr_r_dim=\dimen257
\l__tblr_s_dim=\dimen258
\l__tblr_t_dim=\dimen259
\l__tblr_v_dim=\dimen260
\l__tblr_w_dim=\dimen261
\l__tblr_a_box=\box103
\l__tblr_b_box=\box104
\l__tblr_c_box=\box105
\l__tblr_d_box=\box106
\c@tblrcount=\count326
\c@rownum=\count327
\c@colnum=\count328
\c@rowcount=\count329
\c@colcount=\count330
\abovesep=\dimen262
\belowsep=\dimen263
\leftsep=\dimen264
\rightsep=\dimen265
\gTblrLevelInt=\count331
\g__tblr_data_row_key_count_int=\count332
\g__tblr_data_column_key_count_int=\count333
\g__tblr_data_cell_key_count_int=\count334
\g__tblr_array_int=\count335
\l__tblr_key_count_int=\count336
\l__tblr_key_quotient_int=\count337
\l__tblr_key_quotient_two_int=\count338
\l__tblr_key_remainder_int=\count339
\g__tblr_data_str_value_count_int=\count340
\lTblrChildTotalInt=\count341
\lTblrChildHtotalInt=\count342
\lTblrChildVtotalInt=\count343
\l__child_diff_h_int=\count344
\l__child_diff_v_int=\count345
\l__child_sign_h_int=\count346
\l__child_sign_v_int=\count347
\l__child_step_int=\count348
\lTblrDefaultHruleWidthDim=\dimen266
\lTblrDefaultVruleWidthDim=\dimen267
\l__tblr_split_balance_int=\count349
\l__tblr_strut_dp_dim=\dimen268
\l__tblr_strut_ht_dim=\dimen269
\g__tblr_cell_wd_dim=\dimen270
\g__tblr_cell_ht_dim=\dimen271
\g__tblr_cell_head_dim=\dimen272
\g__tblr_cell_foot_dim=\dimen273
\l__tblr_measured_cell_box=\box107
\g__tblr_last_box=\box108
\l__tblr_temp_box=\box109
\l__tblr_column_target_dim=\dimen274
\l__tblr_hfuzz_dim=\dimen275
\l__tblr_caption_box=\box110
\l__tblr_caption_left_box=\box111
\lTblrRowHeadInt=\count350
\lTblrRowFootInt=\count351
\l__tblr_row_head_box=\box112
\l__tblr_row_foot_box=\box113
\l__tblr_row_head_foot_dim=\dimen276
\lTblrTableWidthDim=\dimen277
\l__tblr_table_firsthead_box=\box114
\l__tblr_table_middlehead_box=\box115
\l__tblr_table_lasthead_box=\box116
\l__tblr_table_firstfoot_box=\box117
\l__tblr_table_middlefoot_box=\box118
\l__tblr_table_lastfoot_box=\box119
\l__tblr_remain_height_dim=\dimen278
\l__tblr_next_rows_dim=\dimen279
\l__tblr_page_overfill_dim=\dimen280
\l__tblr_long_from_int=\count352
\l__tblr_long_to_int=\count353
\l__tblr_curr_i_int=\count354
\l__tblr_prev_i_int=\count355
\lTblrTablePageInt=\count356
\l__tblr_table_head_box=\box120
\l__tblr_table_foot_box=\box121
\l__tblr_table_head_foot_dim=\dimen281
\l__tblr_table_head_body_foot_dim=\dimen282
\l__tblr_table_box=\box122
\lTblrRowFirstInt=\count357
\lTblrRowLastInt=\count358
\l__tblr_cover_box_a_dim=\dimen283
\l__tblr_cover_box_b_dim=\dimen284
\l__tblr_table_hlines_box=\box123
\l__tblr_hline_box=\box124
\l__tblr_row_box=\box125
\l__tblr_col_o_wd_dim=\dimen285
\l__tblr_col_b_wd_dim=\dimen286
\l__tblr_hline_leftskip_dim=\dimen287
\l__tblr_hline_rightskip_dim=\dimen288
\l__tblr_row_ht_dim=\dimen289
\l__tblr_row_dp_dim=\dimen290
\l__tblr_row_abovesep_dim=\dimen291
\l__tblr_row_belowsep_dim=\dimen292
\l__tblr_row_vlines_box=\box126
\l__tblr_vline_box=\box127
\l__tblr_cell_box=\box128
\l__tblr_row_upper_dim=\dimen293
\l__tblr_row_lower_dim=\dimen294
\l__tblr_row_vpace_dim=\dimen295
\l__tblr_vline_aboveskip_dim=\dimen296
\l__tblr_vline_belowskip_dim=\dimen297
\lTblrCellRowSpanInt=\count359
\lTblrCellColSpanInt=\count360
\l__tblr_cell_wd_dim=\dimen298
\l__tblr_cell_ht_dim=\dimen299
\lTblrCellAboveBorderWidthDim=\dimen300
\lTblrCellBelowBorderWidthDim=\dimen301
\lTblrCellLeftBorderWidthDim=\dimen302
\lTblrCellRightBorderWidthDim=\dimen303
\l__tblr_diag_box=\box129
\l__tblr_cell_inner_wd_dim=\dimen304
\l__tblr_cell_inner_dp_dim=\dimen305
\l__tblr_cell_hanchor_dim=\dimen306
\l__tblr_last_cell_table_ht_dim=\dimen307
\l__tblr_last_cell_table_dp_dim=\dimen308
\l__tblr_last_vline_wd_dim=\dimen309
\l__tblr_tikz_node_box=\box130
)
(C:\Users\garci\AppData\Local\Programs\MiKTeX\tex/latex/makecell\makecell.sty
Package: makecell 2009/08/03 V0.1e Managing of Tab Column Heads and Cells
\rotheadsize=\dimen310
\c@nlinenum=\count361
\TeXr@lab=\toks24
)
(C:\Users\garci\AppData\Local\Programs\MiKTeX\tex/latex/float\float.sty
Package: float 2001/11/08 v1.3d Float enhancements (AL)
\c@float@type=\count362
\float@exts=\toks25
\float@box=\box131
\@float@everytoks=\toks26
\@floatcapt=\box132
)
(C:\Users\garci\AppData\Local\Programs\MiKTeX\tex/latex/caption\subcaption.sty
Package: subcaption 2023/07/28 v1.6b Sub-captions (AR)

(C:\Users\garci\AppData\Local\Programs\MiKTeX\tex/latex/caption\caption.sty
Package: caption 2023/08/05 v3.6o Customizing captions (AR)

(C:\Users\garci\AppData\Local\Programs\MiKTeX\tex/latex/caption\caption3.sty
Package: caption3 2023/07/31 v2.4d caption3 kernel (AR)
\caption@tempdima=\dimen311
\captionmargin=\dimen312
\caption@leftmargin=\dimen313
\caption@rightmargin=\dimen314
\caption@width=\dimen315
\caption@indent=\dimen316
\caption@parindent=\dimen317
\caption@hangindent=\dimen318
Package caption Info: Unknown document class (or package),
(caption)             standard defaults will be used.
Package caption Info: \@makecaption = \long macro:#1#2->\small \vskip \abovecap
tionskip \sbox \@tempboxa {{\bfseries #1.} #2}\ifdim \wd \@tempboxa >\hsize {\b
fseries #1.} #2\par \else \global \@minipagefalse \hb@xt@ \hsize {\hfil \box \@
tempboxa \hfil }\fi \vskip \belowcaptionskip  on input line 1175.
)

Package caption Warning: Unknown document class (or package),
(caption)                standard defaults will be used.
See the caption package documentation for explanation.

\c@caption@flags=\count363
\c@continuedfloat=\count364
Package caption Info: float package is loaded.
)
Package caption Info: New subtype `subfigure' on input line 238.
\c@subfigure=\count365
Package caption Info: New subtype `subtable' on input line 238.
\c@subtable=\count366
)
(C:\Users\garci\AppData\Local\Programs\MiKTeX\tex/latex/adjustbox\adjustbox.sty
Package: adjustbox 2025/02/26 v1.3c Adjusting TeX boxes (trim, clip, ...)
(C:\Users\garci\AppData\Local\Programs\MiKTeX\tex/latex/xkeyval\xkeyval.sty
Package: xkeyval 2022/06/16 v2.9 package option processing (HA)

(C:\Users\garci\AppData\Local\Programs\MiKTeX\tex/generic/xkeyval\xkeyval.tex
(C:\Users\garci\AppData\Local\Programs\MiKTeX\tex/generic/xkeyval\xkvutils.tex
\XKV@toks=\toks27
\XKV@tempa@toks=\toks28
)
\XKV@depth=\count367
File: xkeyval.tex 2014/12/03 v2.7a key=value parser (HA)
))
(C:\Users\garci\AppData\Local\Programs\MiKTeX\tex/latex/adjustbox\adjcalc.sty
Package: adjcalc 2012/05/16 v1.1 Provides advanced setlength with multiple back
-ends (calc, etex, pgfmath)
)
(C:\Users\garci\AppData\Local\Programs\MiKTeX\tex/latex/adjustbox\trimclip.sty
Package: trimclip 2025/02/21 v1.2a Trim and clip general TeX material

(C:\Users\garci\AppData\Local\Programs\MiKTeX\tex/latex/collectbox\collectbox.s
ty
Package: collectbox 2022/10/17 v0.4c Collect macro arguments as boxes
\collectedbox=\box133
)
\tc@llx=\dimen319
\tc@lly=\dimen320
\tc@urx=\dimen321
\tc@ury=\dimen322
Package trimclip Info: Using driver 'tc-pdftex.def'.

(C:\Users\garci\AppData\Local\Programs\MiKTeX\tex/latex/adjustbox\tc-pdftex.def
File: tc-pdftex.def 2025/02/26 v2.3 Clipping driver for pdftex
))
\adjbox@Width=\dimen323
\adjbox@Height=\dimen324
\adjbox@Depth=\dimen325
\adjbox@Totalheight=\dimen326
\adjbox@pwidth=\dimen327
\adjbox@pheight=\dimen328
\adjbox@pdepth=\dimen329
\adjbox@ptotalheight=\dimen330

(C:\Users\garci\AppData\Local\Programs\MiKTeX\tex/latex/ifoddpage\ifoddpage.sty
Package: ifoddpage 2022/10/18 v1.2 Conditionals for odd/even page detection
\c@checkoddpage=\count368
) (C:\Users\garci\AppData\Local\Programs\MiKTeX\tex/latex/varwidth\varwidth.sty
Package: varwidth 2009/03/30 ver 0.92;  Variable-width minipages
\@vwid@box=\box134
\sift@deathcycles=\count369
\@vwid@loff=\dimen331
\@vwid@roff=\dimen332
)
==> First Aid for varwidth.sty applied!
) (C:\Users\garci\AppData\Local\Programs\MiKTeX\tex/latex/placeins\placeins.sty
Package: placeins 2005/04/18  v 2.2
) (C:\Users\garci\AppData\Local\Programs\MiKTeX\tex/latex/amsmath\amsmath.sty
Package: amsmath 2026/05/19 v2.18d AMS math features
\@mathmargin=\skip57

For additional information on amsmath, use the `?' option.
(C:\Users\garci\AppData\Local\Programs\MiKTeX\tex/latex/amsmath\amstext.sty
Package: amstext 2024/11/17 v2.01 AMS text

(C:\Users\garci\AppData\Local\Programs\MiKTeX\tex/latex/amsmath\amsgen.sty
File: amsgen.sty 1999/11/30 v2.0 generic functions
\@emptytoks=\toks29
\ex@=\dimen333
))
(C:\Users\garci\AppData\Local\Programs\MiKTeX\tex/latex/amsmath\amsbsy.sty
Package: amsbsy 1999/11/29 v1.2d Bold Symbols
\pmbraise@=\dimen334
)
(C:\Users\garci\AppData\Local\Programs\MiKTeX\tex/latex/amsmath\amsopn.sty
Package: amsopn 2022/04/08 v2.04 operator names
)
\inf@bad=\count370
LaTeX Info: Redefining \frac on input line 233.
\uproot@=\count371
\leftroot@=\count372
LaTeX Info: Redefining \overline on input line 398.
LaTeX Info: Redefining \colon on input line 409.
\classnum@=\count373
\DOTSCASE@=\count374
LaTeX Info: Redefining \ldots on input line 495.
LaTeX Info: Redefining \dots on input line 498.
LaTeX Info: Redefining \cdots on input line 619.
\Mathstrutbox@=\box135
\strutbox@=\box136
LaTeX Info: Redefining \big on input line 721.
LaTeX Info: Redefining \Big on input line 722.
LaTeX Info: Redefining \bigg on input line 723.
LaTeX Info: Redefining \Bigg on input line 724.
\big@size=\dimen335
LaTeX Font Info:    Redeclaring font encoding OML on input line 742.
LaTeX Font Info:    Redeclaring font encoding OMS on input line 743.


Package amsmath Warning: Unable to redefine math accent \vec.

\macc@depth=\count375
LaTeX Info: Redefining \bmod on input line 904.
LaTeX Info: Redefining \pmod on input line 909.
LaTeX Info: Redefining \smash on input line 939.
LaTeX Info: Redefining \relbar on input line 969.
LaTeX Info: Redefining \Relbar on input line 970.
\c@MaxMatrixCols=\count376
\dotsspace@=\muskip17
\c@parentequation=\count377
\dspbrk@lvl=\count378
\tag@help=\toks30
\row@=\count379
\column@=\count380
\maxfields@=\count381
\andhelp@=\toks31
\eqnshift@=\dimen336
\alignsep@=\dimen337
\tagshift@=\dimen338
\tagwidth@=\dimen339
\totwidth@=\dimen340
\lineht@=\dimen341
\@envbody=\toks32
\multlinegap=\skip58
\multlinetaggap=\skip59
\mathdisplay@stack=\toks33
LaTeX Info: Redefining \[ on input line 2965.
LaTeX Info: Redefining \] on input line 2966.
) (sn-articleOK.aux)
\openout1 = `sn-articleOK.aux'.

LaTeX Font Info:    Checking defaults for OML/cmm/m/it on input line 43.
LaTeX Font Info:    ... okay on input line 43.
LaTeX Font Info:    Checking defaults for OMS/cmsy/m/n on input line 43.
LaTeX Font Info:    ... okay on input line 43.
LaTeX Font Info:    Checking defaults for OT1/cmr/m/n on input line 43.
LaTeX Font Info:    ... okay on input line 43.
LaTeX Font Info:    Checking defaults for T1/cmr/m/n on input line 43.
LaTeX Font Info:    ... okay on input line 43.
LaTeX Font Info:    Checking defaults for TS1/cmr/m/n on input line 43.
LaTeX Font Info:    ... okay on input line 43.
LaTeX Font Info:    Checking defaults for OMX/cmex/m/n on input line 43.
LaTeX Font Info:    ... okay on input line 43.
LaTeX Font Info:    Checking defaults for U/cmr/m/n on input line 43.
LaTeX Font Info:    ... okay on input line 43.

(C:\Users\garci\AppData\Local\Programs\MiKTeX\tex/context/base/mkii\supp-pdf.mk
ii
[Loading MPS to PDF converter (version 2006.09.02).]
\scratchcounter=\count382
\scratchdimen=\dimen342
\scratchbox=\box137
\nofMPsegments=\count383
\nofMParguments=\count384
\everyMPshowfont=\toks34
\MPscratchCnt=\count385
\MPscratchDim=\dimen343
\MPnumerator=\count386
\makeMPintoPDFobject=\count387
\everyMPtoPDFconversion=\toks35
)
(C:\Users\garci\AppData\Local\Programs\MiKTeX\tex/latex/epstopdf-pkg\epstopdf-b
ase.sty
Package: epstopdf-base 2020-01-24 v2.11 Base part for package epstopdf

(C:\Users\garci\AppData\Local\Programs\MiKTeX\tex/generic/infwarerr\infwarerr.s
ty
Package: infwarerr 2019/12/03 v1.5 Providing info/warning/error messages (HO)
) (C:\Users\garci\AppData\Local\Programs\MiKTeX\tex/latex/grfext\grfext.sty
Package: grfext 2019/12/03 v1.3 Manage graphics extensions (HO)

(C:\Users\garci\AppData\Local\Programs\MiKTeX\tex/generic/kvdefinekeys\kvdefine
keys.sty
Package: kvdefinekeys 2019-12-19 v1.6 Define keys (HO)
))
(C:\Users\garci\AppData\Local\Programs\MiKTeX\tex/latex/kvoptions\kvoptions.sty
Package: kvoptions 2022-06-15 v3.15 Key value format for package options (HO)
(C:\Users\garci\AppData\Local\Programs\MiKTeX\tex/generic/ltxcmds\ltxcmds.sty
Package: ltxcmds 2023-12-04 v1.26 LaTeX kernel commands for general use (HO)
)
(C:\Users\garci\AppData\Local\Programs\MiKTeX\tex/latex/kvsetkeys\kvsetkeys.sty
Package: kvsetkeys 2022-10-05 v1.19 Key value parser (HO)
))
(C:\Users\garci\AppData\Local\Programs\MiKTeX\tex/generic/pdftexcmds\pdftexcmds
.sty
Package: pdftexcmds 2020-06-27 v0.33 Utility functions of pdfTeX for LuaTeX (HO
)
 (C:\Users\garci\AppData\Local\Programs\MiKTeX\tex/generic/iftex\iftex.sty
Package: iftex 2024/12/12 v1.0g TeX engine tests
)
Package pdftexcmds Info: \pdf@primitive is available.
Package pdftexcmds Info: \pdf@ifprimitive is available.
Package pdftexcmds Info: \pdfdraftmode found.
)
Package epstopdf-base Info: Redefining graphics rule for `.eps' on input line 4
85.
Package grfext Info: Graphics extension search list:
(grfext)             [.pdf,.png,.jpg,.mps,.jpeg,.jbig2,.jb2,.PDF,.PNG,.JPG,.JPE
G,.JBIG2,.JB2,.eps]
(grfext)             \AppendGraphicsExtensions on input line 504.

(C:\Users\garci\AppData\Local\Programs\MiKTeX\tex/latex/00miktex\epstopdf-sys.c
fg
File: epstopdf-sys.cfg 2021/03/18 v2.0 Configuration of epstopdf for MiKTeX
))
Package caption Info: Begin \AtBeginDocument code.
Package caption Info: End \AtBeginDocument code.

Overfull \hbox (7.78314pt too wide) in paragraph at lines 107--110
\T1/cmr/m/n/9 men-ta-tion ro-bust-ness for robotic har-vest-ing sys-tems op-er-
at-ing in occlusion-
 []


Underfull \vbox (badness 1163) has occurred while \output is active []

 [1

{C:/Users/garci/AppData/Local/MiKTeX/fonts/map/pdftex/pdftex.map}]
Overfull \hbox (15.06946pt too wide) in paragraph at lines 131--139
[]\T1/cmr/m/n/10 Recent CNN-based ar-chi-tec-tures, par-tic-u-larly YOLO-based 
mod-els, have demon-
 []

[2]
Overfull \hbox (21.17542pt too wide) in paragraph at lines 198--209
\T1/cmr/m/n/10 na-tive for dense scene un-der-stand-ing and uni-ver-sal im-age 
seg-men-ta-tion. Mask2Former
 []


Overfull \hbox (7.62317pt too wide) in paragraph at lines 198--209
\T1/cmr/m/n/10 fur-ther ad-vanced transformer-based seg-men-ta-tion through mas
ked at-ten-tion mech-
 []


Overfull \hbox (12.17761pt too wide) in paragraph at lines 213--217
\T1/cmr/m/n/10 Although both CNN-based and transformer-based ar-chi-tec-tures h
ave shown promis-
 []

[3]

pdfTeX warning: pdflatex.exe (file ./Articulo/Arquitectura poster.pdf): PDF inc
lusion: found PDF version <1.7>, but at most version <1.5> allowed
<Articulo/Arquitectura poster.pdf, id=23, 963.6pt x 542.025pt>
File: Articulo/Arquitectura poster.pdf Graphic file (type pdf)
<use Articulo/Arquitectura poster.pdf>
Package pdftex.def Info: Articulo/Arquitectura poster.pdf  used on input line 2
39.
(pdftex.def)             Requested size: 341.43306pt x 192.05217pt.
[4 <./Articulo/Arquitectura poster.pdf>]
Overfull \hbox (7.31769pt too wide) in paragraph at lines 272--275
\T1/cmr/m/n/10 The pro-posed per-cep-tion frame-work eval-u-ates both con-vo-lu
-tional and transformer-
 []

[5]
Overfull \hbox (29.78442pt too wide) in paragraph at lines 339--348
\T1/cmr/m/n/10 color jit-ter-ing were ap-plied dur-ing train-ing to im-prove ge
n-er-al-iza-tion. For Mask2Former,
 []

[6]
Overfull \hbox (4.73499pt too wide) in paragraph at lines 410--415
\T1/cmr/m/n/10 seg-men-ta-tion met-rics, in-clud-ing Pre-ci-sion, Re-call, F-sc
ore, In-ter-sec-tion over Union
 []


Underfull \vbox (badness 5563) has occurred while \output is active []

 [7]
Overfull \hbox (0.73494pt too wide) in paragraph at lines 508--535
 [][] 
 []

[8]
Overfull \hbox (1.06921pt too wide) in paragraph at lines 609--614
\T1/cmr/m/n/10 YOLO11m-seg and YOLO26x-seg. Ad-di-tion-ally, Mask2Former ex-hib
its smoother
 []

[9]
<Occlusion/all_models_curves_highlight_best.pdf, id=109, 846.51996pt x 589.6318
8pt>
File: Occlusion/all_models_curves_highlight_best.pdf Graphic file (type pdf)
<use Occlusion/all_models_curves_highlight_best.pdf>
Package pdftex.def Info: Occlusion/all_models_curves_highlight_best.pdf  used o
n input line 617.
(pdftex.def)             Requested size: 277.69987pt x 193.42749pt.
 [10]
<Occlusion/epoch_visibility_map_with_mask2former.pdf, id=113, 867.24pt x 469.75
5pt>
File: Occlusion/epoch_visibility_map_with_mask2former.pdf Graphic file (type pd
f)
<use Occlusion/epoch_visibility_map_with_mask2former.pdf>
Package pdftex.def Info: Occlusion/epoch_visibility_map_with_mask2former.pdf  u
sed on input line 673.
(pdftex.def)             Requested size: 347.12354pt x 188.0277pt.
 [11 <./Occlusion/all_models_curves_highlight_best.pdf>] [12 <./Occlusion/epoch
_visibility_map_with_mask2former.pdf>]
<Articulo/apple_green_train.png, id=197, 642.4pt x 481.8pt>
File: Articulo/apple_green_train.png Graphic file (type png)
<use Articulo/apple_green_train.png>
Package pdftex.def Info: Articulo/apple_green_train.png  used on input line 749
.
(pdftex.def)             Requested size: 81.57423pt x 61.18056pt.
<Articulo/apple_green_yolo11.png, id=198, 642.4pt x 481.8pt>
File: Articulo/apple_green_yolo11.png Graphic file (type png)
<use Articulo/apple_green_yolo11.png>
Package pdftex.def Info: Articulo/apple_green_yolo11.png  used on input line 75
0.
(pdftex.def)             Requested size: 81.57423pt x 61.18056pt.
<Articulo/apple_green_yolo26.png, id=199, 642.4pt x 481.8pt>
File: Articulo/apple_green_yolo26.png Graphic file (type png)
<use Articulo/apple_green_yolo26.png>
Package pdftex.def Info: Articulo/apple_green_yolo26.png  used on input line 75
1.
(pdftex.def)             Requested size: 81.57423pt x 61.18056pt.
<Articulo/apple_green_mask2former.jpeg, id=200, 462.528pt x 346.896pt>
File: Articulo/apple_green_mask2former.jpeg Graphic file (type jpg)
<use Articulo/apple_green_mask2former.jpeg>
Package pdftex.def Info: Articulo/apple_green_mask2former.jpeg  used on input l
ine 752.
(pdftex.def)             Requested size: 81.57423pt x 61.1788pt.
<Articulo/apple_red_train.png, id=201, 642.4pt x 481.8pt>
File: Articulo/apple_red_train.png Graphic file (type png)
<use Articulo/apple_red_train.png>
Package pdftex.def Info: Articulo/apple_red_train.png  used on input line 755.
(pdftex.def)             Requested size: 81.57423pt x 61.18056pt.
<Articulo/apple_red_yolo11.png, id=202, 642.4pt x 481.8pt>
File: Articulo/apple_red_yolo11.png Graphic file (type png)
<use Articulo/apple_red_yolo11.png>
Package pdftex.def Info: Articulo/apple_red_yolo11.png  used on input line 756.

(pdftex.def)             Requested size: 81.57423pt x 61.18056pt.
<Articulo/apple_red_yolo26.png, id=203, 642.4pt x 481.8pt>
File: Articulo/apple_red_yolo26.png Graphic file (type png)
<use Articulo/apple_red_yolo26.png>
Package pdftex.def Info: Articulo/apple_red_yolo26.png  used on input line 757.

(pdftex.def)             Requested size: 81.57423pt x 61.18056pt.
<Articulo/apple_red_mask2former.jpeg, id=204, 462.528pt x 346.896pt>
File: Articulo/apple_red_mask2former.jpeg Graphic file (type jpg)
<use Articulo/apple_red_mask2former.jpeg>
Package pdftex.def Info: Articulo/apple_red_mask2former.jpeg  used on input lin
e 758.
(pdftex.def)             Requested size: 81.57423pt x 61.1788pt.
<Articulo/avocado_train.png, id=205, 642.4pt x 481.8pt>
File: Articulo/avocado_train.png Graphic file (type png)
<use Articulo/avocado_train.png>
Package pdftex.def Info: Articulo/avocado_train.png  used on input line 761.
(pdftex.def)             Requested size: 81.57423pt x 61.18056pt.
<Articulo/avocado_yolo11.png, id=206, 642.4pt x 481.8pt>
File: Articulo/avocado_yolo11.png Graphic file (type png)
<use Articulo/avocado_yolo11.png>
Package pdftex.def Info: Articulo/avocado_yolo11.png  used on input line 762.
(pdftex.def)             Requested size: 81.57423pt x 61.18056pt.
<Articulo/avocado_yolo26.png, id=207, 642.4pt x 481.8pt>
File: Articulo/avocado_yolo26.png Graphic file (type png)
<use Articulo/avocado_yolo26.png>
Package pdftex.def Info: Articulo/avocado_yolo26.png  used on input line 763.
(pdftex.def)             Requested size: 81.57423pt x 61.18056pt.
<Articulo/avocado_mask2former.jpeg, id=208, 462.528pt x 346.896pt>
File: Articulo/avocado_mask2former.jpeg Graphic file (type jpg)
<use Articulo/avocado_mask2former.jpeg>
Package pdftex.def Info: Articulo/avocado_mask2former.jpeg  used on input line 
764.
(pdftex.def)             Requested size: 81.57423pt x 61.1788pt.
<Articulo/peach_train.png, id=209, 642.4pt x 481.8pt>
File: Articulo/peach_train.png Graphic file (type png)
<use Articulo/peach_train.png>
Package pdftex.def Info: Articulo/peach_train.png  used on input line 767.
(pdftex.def)             Requested size: 81.57423pt x 61.18056pt.
<Articulo/peach_yolo11.png, id=210, 642.4pt x 481.8pt>
File: Articulo/peach_yolo11.png Graphic file (type png)
<use Articulo/peach_yolo11.png>
Package pdftex.def Info: Articulo/peach_yolo11.png  used on input line 768.
(pdftex.def)             Requested size: 81.57423pt x 61.18056pt.
<Articulo/peach_yolo26.png, id=211, 642.4pt x 481.8pt>
File: Articulo/peach_yolo26.png Graphic file (type png)
<use Articulo/peach_yolo26.png>
Package pdftex.def Info: Articulo/peach_yolo26.png  used on input line 769.
(pdftex.def)             Requested size: 81.57423pt x 61.18056pt.
<Articulo/peach_mask2former.jpeg, id=212, 462.528pt x 346.896pt>
File: Articulo/peach_mask2former.jpeg Graphic file (type jpg)
<use Articulo/peach_mask2former.jpeg>
Package pdftex.def Info: Articulo/peach_mask2former.jpeg  used on input line 77
0.
(pdftex.def)             Requested size: 81.57423pt x 61.1788pt.
<Articulo/orange_train.png, id=213, 642.4pt x 481.8pt>
File: Articulo/orange_train.png Graphic file (type png)
<use Articulo/orange_train.png>
Package pdftex.def Info: Articulo/orange_train.png  used on input line 773.
(pdftex.def)             Requested size: 81.57423pt x 61.18056pt.
<Articulo/orange_yolo11.png, id=214, 642.4pt x 481.8pt>
File: Articulo/orange_yolo11.png Graphic file (type png)
<use Articulo/orange_yolo11.png>
Package pdftex.def Info: Articulo/orange_yolo11.png  used on input line 774.
(pdftex.def)             Requested size: 81.57423pt x 61.18056pt.
<Articulo/orange_yolo26.png, id=215, 642.4pt x 481.8pt>
File: Articulo/orange_yolo26.png Graphic file (type png)
<use Articulo/orange_yolo26.png>
Package pdftex.def Info: Articulo/orange_yolo26.png  used on input line 775.
(pdftex.def)             Requested size: 81.57423pt x 61.18056pt.
<Articulo/orange_mask2former.jpeg, id=216, 462.528pt x 346.896pt>
File: Articulo/orange_mask2former.jpeg Graphic file (type jpg)
<use Articulo/orange_mask2former.jpeg>
Package pdftex.def Info: Articulo/orange_mask2former.jpeg  used on input line 7
76.
(pdftex.def)             Requested size: 81.57423pt x 61.1788pt.
<Articulo/pear_train.png, id=217, 642.4pt x 481.8pt>
File: Articulo/pear_train.png Graphic file (type png)
<use Articulo/pear_train.png>
Package pdftex.def Info: Articulo/pear_train.png  used on input line 779.
(pdftex.def)             Requested size: 81.57423pt x 61.18056pt.
<Articulo/pear_yolo11.png, id=218, 642.4pt x 481.8pt>
File: Articulo/pear_yolo11.png Graphic file (type png)
<use Articulo/pear_yolo11.png>
Package pdftex.def Info: Articulo/pear_yolo11.png  used on input line 780.
(pdftex.def)             Requested size: 81.57423pt x 61.18056pt.
<Articulo/pear_yolo26.png, id=219, 642.4pt x 481.8pt>
File: Articulo/pear_yolo26.png Graphic file (type png)
<use Articulo/pear_yolo26.png>
Package pdftex.def Info: Articulo/pear_yolo26.png  used on input line 781.
(pdftex.def)             Requested size: 81.57423pt x 61.18056pt.
<Articulo/pear_mask2former.jpeg, id=220, 462.528pt x 346.896pt>
File: Articulo/pear_mask2former.jpeg Graphic file (type jpg)
<use Articulo/pear_mask2former.jpeg>
Package pdftex.def Info: Articulo/pear_mask2former.jpeg  used on input line 782
.
(pdftex.def)             Requested size: 81.57423pt x 61.1788pt.

Underfull \hbox (badness 10000) in paragraph at lines 787--787
[]\T1/cmr/m/n/10 Fig.4: |Qual-i-ta-tive com-par-i-son of YOLO11m-seg, YOLO26x-s
eg, and
 []


LaTeX Warning: Float too large for page by 6.82742pt on input line 791.


Overfull \hbox (22.17517pt too wide) in paragraph at lines 796--797
\T1/cmr/m/n/10 The ex-per-i-men-tal re-sults re-veal clear dif-fer-ences be-twe
en CNN-based and transformer-
 []

[13] [14 <./Articulo/apple_green_train.png (PNG copy)> <./Articulo/apple_green_
yolo11.png (PNG copy)> <./Articulo/apple_green_yolo26.png (PNG copy)> <./Articu
lo/apple_green_mask2former.jpeg> <./Articulo/apple_red_train.png (PNG copy)> <.
/Articulo/apple_red_yolo11.png (PNG copy)> <./Articulo/apple_red_yolo26.png (PN
G copy)> <./Articulo/apple_red_mask2former.jpeg> <./Articulo/avocado_train.png 
(PNG copy)> <./Articulo/avocado_yolo11.png (PNG copy)> <./Articulo/avocado_yolo
26.png (PNG copy)> <./Articulo/avocado_mask2former.jpeg> <./Articulo/peach_trai
n.png (PNG copy)> <./Articulo/peach_yolo11.png (PNG copy)> <./Articulo/peach_yo
lo26.png (PNG copy)> <./Articulo/peach_mask2former.jpeg> <./Articulo/orange_tra
in.png (PNG copy)> <./Articulo/orange_yolo11.png (PNG copy)> <./Articulo/orange
_yolo26.png (PNG copy)> <./Articulo/orange_mask2former.jpeg> <./Articulo/pear_t
rain.png (PNG copy)> <./Articulo/pear_yolo11.png (PNG copy)> <./Articulo/pear_y
olo26.png (PNG copy)> <./Articulo/pear_mask2former.jpeg>]
Overfull \hbox (7.15106pt too wide) in paragraph at lines 808--809
\T1/cmr/m/n/10 fa-vor-able char-ac-ter-is-tics for real-time de-ploy-ment and r
esource-constrained robotic
 []


Overfull \hbox (17.92621pt too wide) in paragraph at lines 810--819
\T1/cmr/m/n/10 not pro-filed on em-bed-ded or edge hard-ware. The real-time and
 embedded-deployment
 []

[15

]
Overfull \hbox (9.95593pt too wide) in paragraph at lines 841--842
\T1/cmr/m/n/10 and Mask2Former for multi-fruit in-stance seg-men-ta-tion un-der
 chal-leng-ing, orchard-
 []

(sn-articleOK.bbl
Underfull \hbox (badness 5787) in paragraph at lines 7--12
\T1/cmr/m/n/9 Ped-er-sen, M.: Aut-ofish: Dataset and bench-mark for fine-graine
d anal-
 []


Underfull \hbox (badness 6110) in paragraph at lines 7--12
\T1/cmr/m/n/9 y-sis of fish. In: 2025 IEEE/CVF Win-ter Con-fer-ence on Ap-pli-c
a-tions
 []


Underfull \hbox (badness 4168) in paragraph at lines 7--12
\T1/cmr/m/n/9 of Com-puter Vi-sion Work-shops (WACVW). pp. 1513--1522 (Feb 2025
).
 []


Underfull \hbox (badness 6944) in paragraph at lines 14--19
[]\T1/cmr/m/n/9 Cardellicchio, A., Renò, V., De-vanna, R.P., Marani, R., Milell
a, A.:
 []


Underfull \hbox (badness 10000) in paragraph at lines 14--19
\T1/cmr/m/n/9 Tomato de-tec-tion in chal-leng-ing sce-nar-ios us-ing yolo-based
 sin-gle
 []


Underfull \hbox (badness 6842) in paragraph at lines 14--19
\T1/cmr/m/n/9 stage de-tec-tors. In: 2023 IEEE In-ter-na-tional Work-shop on Me
trol-ogy
 []


Underfull \hbox (badness 10000) in paragraph at lines 14--19
\T1/cmr/m/n/9 for Agri-cul-ture and Forestry (MetroA-gri-For). pp. 54--59 (Nov 
2023).
 []

[16]
Underfull \hbox (badness 1137) in paragraph at lines 65--69
[]\T1/cmr/m/n/9 Jing, H., Fan, R., Hong, L., Li, Z.: Yolo-ess: Im-proved cit-ru
s recog-ni-tion
 []


Underfull \hbox (badness 1466) in paragraph at lines 65--69
\T1/cmr/m/n/9 un-der nat-u-ral or-chard con-di-tions. In: 2025 IEEE In-ter-na-t
ional Con-fer-ence
 []


Underfull \hbox (badness 1888) in paragraph at lines 81--85
[]\T1/cmr/m/n/9 Lin, T.Y., Maire, M., Be-longie, S., Hays, J., Per-ona, P., Ra-
manan, D.,
 []


Underfull \hbox (badness 2351) in paragraph at lines 81--85
\T1/cmr/m/n/9 Dol-lár, P., Zit-nick, C.L.: Mi-crosoft COCO: Com-mon ob-jects in
 con-text.
 []


Underfull \hbox (badness 1817) in paragraph at lines 87--91
[]\T1/cmr/m/n/9 Lu, J., Lin, X., Li, C., Zeng, S., Luo, X., Li, J.: Meth-ods fo
r mango
 []


Underfull \hbox (badness 4048) in paragraph at lines 87--91
\T1/cmr/m/n/9 and ripeness de-tec-tion us-ing im-proved yolov8. In: 2024 IEEE I
n-ter-na-
 []


Underfull \hbox (badness 2884) in paragraph at lines 93--98
[]\T1/cmr/m/n/9 Melnychenko, O., Savenko, O., Ra-diuk, P.: Ap-ple de-tec-tion w
ith oc-clu-
 []


Underfull \hbox (badness 1478) in paragraph at lines 93--98
\T1/cmr/m/n/9 sions us-ing mod-i-fied yolov5-v1. In: 2023 IEEE 12th In-ter-na-t
ional Con-fer-
 []


Underfull \hbox (badness 2790) in paragraph at lines 93--98
\T1/cmr/m/n/9 ence on In-tel-li-gent Data Ac-qui-si-tion and Ad-vanced Com-put-
ing Sys-tems:
 []


Underfull \hbox (badness 1859) in paragraph at lines 93--98
\T1/cmr/m/n/9 Tech-nol-ogy and Ap-pli-ca-tions (IDAACS). vol. 1, pp. 107--112 (
Sep 2023).
 []


Underfull \hbox (badness 1769) in paragraph at lines 106--111
[]\T1/cmr/m/n/9 Rosada, R., Hus-sein, Z.M., No-vamizanti, L.: Eval-u-at-ing yol
o vari-ants for
 []


Underfull \hbox (badness 4416) in paragraph at lines 106--111
\T1/cmr/m/n/9 real-time multi-object de-tec-tion of straw-berry qual-ity and ri
peness. In:
 []


Underfull \hbox (badness 5519) in paragraph at lines 106--111
\T1/cmr/m/n/9 2025 IEEE In-ter-na-tional Con-fer-ence on In-dus-try 4.0, Ar-ti-
fi-cial In-tel-li-
 []

[17]) [18] (sn-articleOK.aux)
 ***********
LaTeX2e <2026-06-01>
L3 programming layer <2026-06-18>
 ***********
 ) 
Here is how much of TeX's memory you used:
 9640 strings out of 467510
 188354 string characters out of 5408794
 629798 words of memory out of 5000000
 38745 multiletter control sequences out of 15000+600000
 637263 words of font info for 60 fonts, out of 8000000 for 9000
 1141 hyphenation exceptions out of 8191
 88i,13n,93p,672b,416s stack positions out of 10000i,1000n,20000p,200000b,200000s
 <C:\Users\garci\AppData\Local\MiKTeX\fonts/pk/ljfour/jknappen/ec/dpi600\ecbx
1000.pk> <C:\Users\garci\AppData\Local\MiKTeX\fonts/pk/ljfour/jknappen/ec/dpi60
0\ecbx1200.pk> <C:\Users\garci\AppData\Local\MiKTeX\fonts/pk/ljfour/jknappen/ec
/dpi600\tcrm0900.pk> <C:\Users\garci\AppData\Local\MiKTeX\fonts/pk/ljfour/jknap
pen/ec/dpi600\ecbx0900.pk> <C:\Users\garci\AppData\Local\MiKTeX\fonts/pk/ljfour
/jknappen/ec/dpi600\ectt0900.pk> <C:\Users\garci\AppData\Local\MiKTeX\fonts/pk/
ljfour/jknappen/ec/dpi600\ecrm0900.pk> <C:\Users\garci\AppData\Local\MiKTeX\fon
ts/pk/ljfour/jknappen/ec/dpi600\ecrm1000.pk> <C:\Users\garci\AppData\Local\MiKT
eX\fonts/pk/ljfour/jknappen/ec/dpi600\ecbx1440.pk><C:/Users/garci/AppData/Local
/Programs/MiKTeX/fonts/type1/public/amsfonts/cmextra/cmex9.pfb><C:/Users/garci/
AppData/Local/Programs/MiKTeX/fonts/type1/public/amsfonts/cm/cmmi6.pfb><C:/User
s/garci/AppData/Local/Programs/MiKTeX/fonts/type1/public/amsfonts/cm/cmmi7.pfb>
<C:/Users/garci/AppData/Local/Programs/MiKTeX/fonts/type1/public/amsfonts/cm/cm
mi9.pfb><C:/Users/garci/AppData/Local/Programs/MiKTeX/fonts/type1/public/amsfon
ts/cm/cmr10.pfb><C:/Users/garci/AppData/Local/Programs/MiKTeX/fonts/type1/publi
c/amsfonts/cm/cmr6.pfb><C:/Users/garci/AppData/Local/Programs/MiKTeX/fonts/type
1/public/amsfonts/cm/cmr7.pfb><C:/Users/garci/AppData/Local/Programs/MiKTeX/fon
ts/type1/public/amsfonts/cm/cmr9.pfb><C:/Users/garci/AppData/Local/Programs/MiK
TeX/fonts/type1/public/amsfonts/cm/cmsy10.pfb><C:/Users/garci/AppData/Local/Pro
grams/MiKTeX/fonts/type1/public/amsfonts/cm/cmsy6.pfb><C:/Users/garci/AppData/L
ocal/Programs/MiKTeX/fonts/type1/public/amsfonts/cm/cmsy7.pfb><C:/Users/garci/A
ppData/Local/Programs/MiKTeX/fonts/type1/public/amsfonts/cm/cmsy9.pfb>
Output written on sn-articleOK.pdf (18 pages, 12810399 bytes).
PDF statistics:
 679 PDF objects out of 1000 (max. 8388607)
 0 named destinations out of 1000 (max. 500000)
 136 words of extra memory for PDF output out of 10000 (max. 10000000)

